// Jest Snapshot v1, https://goo.gl/fbAQLP

exports[`CartContainer should renders correctly 1`] = `
<DocumentFragment>
  <div
    class="CartContainer"
    data-testid="cart-container"
  >
    <div
      class="EmptyCartMessage"
      data-testid="empty-cart-message"
    >
      Add products to cart
    </div>
  </div>
</DocumentFragment>
`;
