// Jest Snapshot v1, https://goo.gl/fbAQLP

exports[`ProductCard should renders correctly with card props 1`] = `
<DocumentFragment>
  <div
    class="MuiPaper-root MuiCard-root card MuiPaper-elevation1 MuiPaper-rounded"
    data-testid="product-1"
  >
    <button
      class="MuiButtonBase-root MuiCardActionArea-root"
      tabindex="0"
      type="button"
    >
      <div
        class="MuiCardMedia-root media"
        style="background-image: url(https://test.com/img.jpg);"
        title="Product Name"
      />
      <div
        class="MuiCardContent-root"
      >
        <h2
          class="MuiTypography-root MuiTypography-h5 MuiTypography-gutterBottom"
        >
          Product Name
        </h2>
      </div>
      <span
        class="MuiCardActionArea-focusHighlight"
      />
      <span
        class="MuiTouchRipple-root"
      />
    </button>
    <div
      class="MuiCardActions-root MuiCardActions-spacing"
    >
      <button
        class="MuiButtonBase-root MuiButton-root MuiButton-text MuiButton-textPrimary MuiButton-textSizeSmall MuiButton-sizeSmall"
        tabindex="0"
        type="button"
      >
        <span
          class="MuiButton-label"
        >
          ADD PRODUCT
        </span>
        <span
          class="MuiTouchRipple-root"
        />
      </button>
    </div>
  </div>
</DocumentFragment>
`;
